------------------------------------------------------------
Timing Analyzer Summary
------------------------------------------------------------

Type  : Slow 1100mV 85C Model Setup 'clk'
Slack : -0.973
TNS   : -15.010

Type  : Slow 1100mV 85C Model Hold 'clk'
Slack : 0.274
TNS   : 0.000

Type  : Slow 1100mV 85C Model Minimum Pulse Width 'clk'
Slack : -0.394
TNS   : -12.679

Type  : Slow 1100mV 0C Model Setup 'clk'
Slack : -1.049
TNS   : -13.788

Type  : Slow 1100mV 0C Model Hold 'clk'
Slack : 0.253
TNS   : 0.000

Type  : Slow 1100mV 0C Model Minimum Pulse Width 'clk'
Slack : -0.394
TNS   : -13.570

Type  : Fast 1100mV 85C Model Setup 'clk'
Slack : -0.091
TNS   : -0.786

Type  : Fast 1100mV 85C Model Hold 'clk'
Slack : 0.158
TNS   : 0.000

Type  : Fast 1100mV 85C Model Minimum Pulse Width 'clk'
Slack : -0.085
TNS   : -1.988

Type  : Fast 1100mV 0C Model Setup 'clk'
Slack : -0.031
TNS   : -0.031

Type  : Fast 1100mV 0C Model Hold 'clk'
Slack : 0.143
TNS   : 0.000

Type  : Fast 1100mV 0C Model Minimum Pulse Width 'clk'
Slack : -0.082
TNS   : -1.929

------------------------------------------------------------
